
🧪 Phase 0 — Base Sepolia deployment health check (fork)
- network: baseSepolia

1) Bytecode presence

2) Core wiring

3) Ops registration (ROLE_ESCROW_CONTRACT)

4) Slow-lane admin wiring (EscrowGovernanceTimelock)

5) Timelock wiring (minimum)

6) Minimal E2E on fork (ERC20Mock)

❌ Phase 0 failed:
ProviderError: execution reverted
    at HttpProvider.request (/home/user/Code/hardhat-deploy-hybrid-aave/node_modules/.pnpm/hardhat@2.28.2_ts-node@10.9.2_@types+node@20.19.27_typescript@5.9.3__typescript@5.9.3/node_modules/hardhat/src/internal/core/providers/http.ts:116:21)
    at processTicksAndRejections (node:internal/process/task_queues:105:5)
    at async HardhatEthersProvider.estimateGas (/home/user/Code/hardhat-deploy-hybrid-aave/node_modules/.pnpm/@nomicfoundation+hardhat-ethers@3.1.3_ethers@6.16.0_hardhat@2.28.2_ts-node@10.9.2_@type_74cc0f27030c7abb257d47a850ef5e73/node_modules/@nomicfoundation/hardhat-ethers/src/internal/hardhat-ethers-provider.ts:246:27)
    at async /home/user/Code/hardhat-deploy-hybrid-aave/node_modules/.pnpm/@nomicfoundation+hardhat-ethers@3.1.3_ethers@6.16.0_hardhat@2.28.2_ts-node@10.9.2_@type_74cc0f27030c7abb257d47a850ef5e73/node_modules/@nomicfoundation/hardhat-ethers/src/signers.ts:339:35
    at async Promise.all (index 0)
    at async HardhatEthersSigner._sendUncheckedTransaction (/home/user/Code/hardhat-deploy-hybrid-aave/node_modules/.pnpm/@nomicfoundation+hardhat-ethers@3.1.3_ethers@6.16.0_hardhat@2.28.2_ts-node@10.9.2_@type_74cc0f27030c7abb257d47a850ef5e73/node_modules/@nomicfoundation/hardhat-ethers/src/signers.ts:360:7)
    at async HardhatEthersSigner.sendTransaction (/home/user/Code/hardhat-deploy-hybrid-aave/node_modules/.pnpm/@nomicfoundation+hardhat-ethers@3.1.3_ethers@6.16.0_hardhat@2.28.2_ts-node@10.9.2_@type_74cc0f27030c7abb257d47a850ef5e73/node_modules/@nomicfoundation/hardhat-ethers/src/signers.ts:185:18)
    at async send (/home/user/Code/hardhat-deploy-hybrid-aave/node_modules/.pnpm/ethers@6.16.0/node_modules/ethers/src.ts/contract/contract.ts:313:20)
    at async Proxy.createEscrow (/home/user/Code/hardhat-deploy-hybrid-aave/node_modules/.pnpm/ethers@6.16.0/node_modules/ethers/src.ts/contract/contract.ts:352:16)
    at async run (/home/user/Code/hardhat-deploy-hybrid-aave/scripts/testnet/phase0-base-sepolia-health.ts:253:21)
