
════════════════════════════════════════════════════════════════
       PHASE 4: BASIC ESCROW CREATION (No Yield - Debug Mode)
════════════════════════════════════════════════════════════════

📋 Configuration:
   Escrow Amount: 100 SEW (reduced for testing)
   EscrowVault: 0x13b8b7572c72b46879662BFEA53851cBeD3bC47a
   SewToken: 0x79913fCa36Ea4e747F4742a4c1C7bC93a1522a14
   Account: 0xE8d7Fbd5Db3ad910370Be315f21D4596ed45122f

📦 STEP 1: Checking Token Balance
   Balance: 1000000000.0 SEW
   ✅ Sufficient balance

📦 STEP 2: Approving Tokens
   ✅ TX: undefined

🏦 STEP 3: Creating Escrow (Yield: OFF)
Error: ProviderError: execution reverted
    at HttpProvider.request (/home/user/Code/hardhat-deploy-hybrid-aave/node_modules/.pnpm/hardhat@2.28.2_ts-node@10.9.2_@types+node@20.19.27_typescript@5.9.3__typescript@5.9.3/node_modules/hardhat/src/internal/core/providers/http.ts:116:21)
    at processTicksAndRejections (node:internal/process/task_queues:105:5)
    at async HardhatEthersProvider.estimateGas (/home/user/Code/hardhat-deploy-hybrid-aave/node_modules/.pnpm/@nomicfoundation+hardhat-ethers@3.1.3_ethers@6.16.0_hardhat@2.28.2_ts-node@10.9.2_@type_74cc0f27030c7abb257d47a850ef5e73/node_modules/@nomicfoundation/hardhat-ethers/src/internal/hardhat-ethers-provider.ts:246:27)
    at async /home/user/Code/hardhat-deploy-hybrid-aave/node_modules/.pnpm/@nomicfoundation+hardhat-ethers@3.1.3_ethers@6.16.0_hardhat@2.28.2_ts-node@10.9.2_@type_74cc0f27030c7abb257d47a850ef5e73/node_modules/@nomicfoundation/hardhat-ethers/src/signers.ts:339:35
    at async Promise.all (index 0)
    at async HardhatEthersSigner._sendUncheckedTransaction (/home/user/Code/hardhat-deploy-hybrid-aave/node_modules/.pnpm/@nomicfoundation+hardhat-ethers@3.1.3_ethers@6.16.0_hardhat@2.28.2_ts-node@10.9.2_@type_74cc0f27030c7abb257d47a850ef5e73/node_modules/@nomicfoundation/hardhat-ethers/src/signers.ts:360:7)
    at async HardhatEthersSigner.sendTransaction (/home/user/Code/hardhat-deploy-hybrid-aave/node_modules/.pnpm/@nomicfoundation+hardhat-ethers@3.1.3_ethers@6.16.0_hardhat@2.28.2_ts-node@10.9.2_@type_74cc0f27030c7abb257d47a850ef5e73/node_modules/@nomicfoundation/hardhat-ethers/src/signers.ts:185:18)
    at async send (/home/user/Code/hardhat-deploy-hybrid-aave/node_modules/.pnpm/ethers@6.16.0/node_modules/ethers/src.ts/contract/contract.ts:313:20)
    at async Proxy.createEscrow (/home/user/Code/hardhat-deploy-hybrid-aave/node_modules/.pnpm/ethers@6.16.0/node_modules/ethers/src.ts/contract/contract.ts:352:16)
    at async main (/home/user/Code/hardhat-deploy-hybrid-aave/scripts/testnet/phase4-basic-escrow.ts:62:20)
